                                 Started job on |	Feb 21 13:37:00
                             Started mapping on |	Feb 21 13:37:12
                                    Finished on |	Feb 21 13:37:15
       Mapping speed, Million of reads per hour |	12.00

                          Number of input reads |	10000
                      Average input read length |	177
                                    UNIQUE READS:
                   Uniquely mapped reads number |	6010
                        Uniquely mapped reads % |	60.10%
                          Average mapped length |	195.60
                       Number of splices: Total |	2819
            Number of splices: Annotated (sjdb) |	2628
                       Number of splices: GT/AG |	2685
                       Number of splices: GC/AG |	15
                       Number of splices: AT/AC |	1
               Number of splices: Non-canonical |	118
                      Mismatch rate per base, % |	1.04%
                         Deletion rate per base |	0.86%
                        Deletion average length |	6.34
                        Insertion rate per base |	0.01%
                       Insertion average length |	1.46
                             MULTI-MAPPING READS:
        Number of reads mapped to multiple loci |	328
             % of reads mapped to multiple loci |	3.28%
        Number of reads mapped to too many loci |	3
             % of reads mapped to too many loci |	0.03%
                                  UNMAPPED READS:
  Number of reads unmapped: too many mismatches |	0
       % of reads unmapped: too many mismatches |	0.00%
            Number of reads unmapped: too short |	3658
                 % of reads unmapped: too short |	36.58%
                Number of reads unmapped: other |	1
                     % of reads unmapped: other |	0.01%
                                  CHIMERIC READS:
                       Number of chimeric reads |	0
                            % of chimeric reads |	0.00%
